
> easytutor@1.0.0 test
> vitest run tests/flows/orchestration.contract.test.ts


 RUN  v4.1.5 /home/daniel-muhoro/workspace/projects/easytutor

stdout | tests/flows/orchestration.contract.test.ts
[SUPABASE INIT] { urlExists: true, keyExists: true }

stdout | tests/flows/orchestration.contract.test.ts
[INFO] supabase_init_success { urlHost: 'test-project.supabase.co', keyExists: true }

stdout | tests/flows/orchestration.contract.test.ts > learning orchestration contracts > coordinates mastery decay and remediation scheduling
[TELEMETRY] [MASTERY_UPDATED] {
  event_type: 'MASTERY_UPDATED',
  timestamp: '2026-05-13T22:06:05.880Z',
  user_id: '11111111-1111-4111-8111-111111111111',
  portal_type: 'high_school',
  content_id: undefined,
  canonical_id: 'HS-HS-MATH-ALG-001',
  latency: 1,
  operation_type: 'MASTERY_COORDINATION',
  source_layer: 'intelligence',
  payload: {
    band: 'weak',
    decayed_score: 35,
    remediation_required: true,
    xp_delta: 5
  }
}

stdout | tests/flows/orchestration.contract.test.ts > learning orchestration contracts > coordinates mastery decay and remediation scheduling
[INFO] MASTERY_UPDATED {
  event_type: 'MASTERY_UPDATED',
  timestamp: '2026-05-13T22:06:05.880Z',
  user_id: '11111111-1111-4111-8111-111111111111',
  portal_type: 'high_school',
  content_id: undefined,
  canonical_id: 'HS-HS-MATH-ALG-001',
  latency: 1,
  operation_type: 'MASTERY_COORDINATION',
  source_layer: 'intelligence',
  payload: {
    band: 'weak',
    decayed_score: 35,
    remediation_required: true,
    xp_delta: 5
  }
}

stdout | tests/flows/orchestration.contract.test.ts > learning orchestration contracts > predicts and stages the next three learning nodes
[TELEMETRY] [PREFETCH_COMPLETED] {
  event_type: 'PREFETCH_COMPLETED',
  timestamp: '2026-05-13T22:06:05.891Z',
  user_id: '11111111-1111-4111-8111-111111111111',
  portal_type: 'high_school',
  content_id: undefined,
  canonical_id: 'HS-HS-MATH-ALG-001',
  latency: 1,
  operation_type: 'PREDICTIVE_PREFETCH',
  source_layer: 'intelligence',
  payload: {
    staged_count: 3,
    nodes: [
      'HS-HS-MATH-ALG-001-NEXT-1',
      'HS-HS-MATH-ALG-001-NEXT-2',
      'HS-HS-MATH-ALG-001-NEXT-3'
    ]
  }
}

stdout | tests/flows/orchestration.contract.test.ts > learning orchestration contracts > predicts and stages the next three learning nodes
[INFO] PREFETCH_COMPLETED {
  event_type: 'PREFETCH_COMPLETED',
  timestamp: '2026-05-13T22:06:05.891Z',
  user_id: '11111111-1111-4111-8111-111111111111',
  portal_type: 'high_school',
  content_id: undefined,
  canonical_id: 'HS-HS-MATH-ALG-001',
  latency: 1,
  operation_type: 'PREDICTIVE_PREFETCH',
  source_layer: 'intelligence',
  payload: {
    staged_count: 3,
    nodes: [
      'HS-HS-MATH-ALG-001-NEXT-1',
      'HS-HS-MATH-ALG-001-NEXT-2',
      'HS-HS-MATH-ALG-001-NEXT-3'
    ]
  }
}

stdout | tests/flows/orchestration.contract.test.ts > learning orchestration contracts > generates lessons through the orchestrator command layer
[TELEMETRY] [RUNTIME_GOVERNANCE_CHECK] {
  event_type: 'RUNTIME_GOVERNANCE_CHECK',
  timestamp: '2026-05-13T22:06:05.906Z',
  user_id: '11111111-1111-4111-8111-111111111111',
  portal_type: 'high_school',
  content_id: undefined,
  canonical_id: 'HS-HS-MATH-ALG-001',
  latency: undefined,
  operation_type: 'RUNTIME_GOVERNANCE_CHECK',
  source_layer: 'runtime',
  payload: {
    operation: 'inference',
    warnings: 0,
    timestamp: '2026-05-13T22:06:05.906Z'
  }
}

stdout | tests/flows/orchestration.contract.test.ts > learning orchestration contracts > generates lessons through the orchestrator command layer
[INFO] RUNTIME_GOVERNANCE_CHECK {
  event_type: 'RUNTIME_GOVERNANCE_CHECK',
  timestamp: '2026-05-13T22:06:05.906Z',
  user_id: '11111111-1111-4111-8111-111111111111',
  portal_type: 'high_school',
  content_id: undefined,
  canonical_id: 'HS-HS-MATH-ALG-001',
  latency: undefined,
  operation_type: 'RUNTIME_GOVERNANCE_CHECK',
  source_layer: 'runtime',
  payload: {
    operation: 'inference',
    warnings: 0,
    timestamp: '2026-05-13T22:06:05.906Z'
  }
}

stdout | tests/flows/orchestration.contract.test.ts > learning orchestration contracts > generates lessons through the orchestrator command layer
[TELEMETRY] [RUNTIME_POLICY_DETERMINED] {
  event_type: 'RUNTIME_POLICY_DETERMINED',
  timestamp: '2026-05-13T22:06:05.910Z',
  user_id: '11111111-1111-4111-8111-111111111111',
  portal_type: 'high_school',
  content_id: undefined,
  canonical_id: 'HS-HS-MATH-ALG-001',
  latency: undefined,
  operation_type: 'RUNTIME_POLICY_DETERMINED',
  source_layer: 'runtime',
  payload: {
    operation: 'inference',
    mode: 'hybrid',
    fallback_strategy: 'local_first',
    network_status: 'online',
    device_memory: 'high',
    device_battery: 80
  }
}

stdout | tests/flows/orchestration.contract.test.ts > learning orchestration contracts > generates lessons through the orchestrator command layer
[INFO] RUNTIME_POLICY_DETERMINED {
  event_type: 'RUNTIME_POLICY_DETERMINED',
  timestamp: '2026-05-13T22:06:05.910Z',
  user_id: '11111111-1111-4111-8111-111111111111',
  portal_type: 'high_school',
  content_id: undefined,
  canonical_id: 'HS-HS-MATH-ALG-001',
  latency: undefined,
  operation_type: 'RUNTIME_POLICY_DETERMINED',
  source_layer: 'runtime',
  payload: {
    operation: 'inference',
    mode: 'hybrid',
    fallback_strategy: 'local_first',
    network_status: 'online',
    device_memory: 'high',
    device_battery: 80
  }
}

 ❯ tests/flows/orchestration.contract.test.ts (5 tests | 1 failed) 100ms
     ✓ creates canonical runtime context with governed retrieval policy 32ms
     ✓ routes offline requests to local model deterministically 6ms
     ✓ coordinates mastery decay and remediation scheduling 12ms
     ✓ predicts and stages the next three learning nodes 11ms
     × generates lessons through the orchestrator command layer 29ms

⎯⎯⎯⎯⎯⎯⎯ Failed Tests 1 ⎯⎯⎯⎯⎯⎯⎯

 FAIL  tests/flows/orchestration.contract.test.ts > learning orchestration contracts > generates lessons through the orchestrator command layer
Error: [RUNTIME BUDGET] Too many concurrent executions: 1 active, max 1
 ❯ HybridRuntime.execute src/runtime/hybridRuntime.ts:94:13
     92|     const budgetCheck = await this.budgetManager.checkBudgets(request,…
     93|     if (!budgetCheck.approved) {
     94|       throw new Error(`[RUNTIME BUDGET] ${budgetCheck.reason}`);
       |             ^
     95|     }
     96|
 ❯ HybridInferenceRouter.execute src/intelligence/routing/hybridInferenceRouter.ts:110:27
 ❯ PipelineExecutor.execute src/intelligence/pipelines/pipelineExecutor.ts:89:24
 ❯ LearningOrchestrator.executeSingle src/intelligence/orchestrator/learningOrchestrator.ts:158:22
 ❯ tests/flows/orchestration.contract.test.ts:92:20

⎯⎯⎯⎯⎯⎯⎯⎯⎯⎯⎯⎯⎯⎯⎯⎯⎯⎯⎯⎯⎯⎯⎯⎯[1/1]⎯


 Test Files  1 failed (1)
      Tests  1 failed | 4 passed (5)
   Start at  01:06:03
   Duration  2.90s (transform 1.51s, setup 162ms, import 2.08s, tests 100ms, environment 0ms)

